<html>
<body>
<pre>
<h1>µVision Build Log</h1>
<h2>Tool Versions:</h2>
IDE-Version: µVision V5.36.0.0
Copyright (C) 2021 ARM Ltd and ARM Germany GmbH. All rights reserved.
License Information: Guilherme K, utfpr, LIC=----
 
Tool Versions:
Toolchain:       MDK-Lite  Version: 5.36.0.0
Toolchain Path:  C:\Keil_v5\ARM\ARMCC\Bin
C Compiler:      Armcc.exe V5.06 update 7 (build 960)
Assembler:       Armasm.exe V5.06 update 7 (build 960)
Linker/Locator:  ArmLink.exe V5.06 update 7 (build 960)
Library Manager: ArmAr.exe V5.06 update 7 (build 960)
Hex Converter:   FromElf.exe V5.06 update 7 (build 960)
CPU DLL:         SARMCM3.DLL V5.36.0.0
Dialog DLL:      DCM.DLL V1.17.3.0
Target DLL:      lmidk-agdi.dll V???
Dialog DLL:      TCM.DLL V1.53.0.0
 
<h2>Project:</h2>
C:\Users\correa.koller\Repos\uCro\Lab3\exemplo.uvprojx
Project File Date:  12/16/2024

<h2>Output:</h2>
*** Using Compiler 'V5.06 update 7 (build 960)', folder: 'C:\Keil_v5\ARM\ARMCC\Bin'
Build target 'Target 1'
assembling utils.s...
assembling startup.s...
assembling lcd.s...
assembling matrixKeyboard.s...
compiling main.c...
main.c(288): warning:  #188-D: enumerated type mixed with another type
          fullStepMode = !fullStepMode;
main.c(305): warning:  #1-D: last line of file ends without a newline
  }
main.c(61): warning:  #177-D: function "displayIncrementAndDirection"  was declared but never referenced
  static void displayIncrementAndDirection(char key);
main.c(66): warning:  #177-D: function "displayMotorSpeed"  was declared but never referenced
  static void displayMotorSpeed(void);
main.c: 4 warnings, 0 errors
compiling gpio.c...
gpio.c(93): warning:  #61-D: integer operation result is out of range
     NVIC_PRI12_R = (0x5 << 29);
gpio.c(93): warning:  #68-D: integer conversion resulted in a change of sign
     NVIC_PRI12_R = (0x5 << 29);
gpio.c(158): warning:  #1-D: last line of file ends without a newline
  }
gpio.c: 3 warnings, 0 errors
compiling dcMotor.c...
linking...
Program Size: Code=4576 RO-data=32 RW-data=64 ZI-data=1120  
".\Objects\exemplo.axf" - 0 Error(s), 7 Warning(s).

<h2>Software Packages used:</h2>

Package Vendor: Keil
                http://www.keil.com/pack/Keil.TM4C_DFP.1.1.0.pack
                Keil.TM4C_DFP.1.1.0
                Texas Instruments Tiva C Series Device Support and Examples

<h2>Collection of Component include folders:</h2>
  C:\Users\correa.koller\AppData\Local\Arm\Packs\Keil\TM4C_DFP\1.1.0\Device\Include\TM4C129

<h2>Collection of Component Files used:</h2>
Build Time Elapsed:  00:00:02
</pre>
</body>
</html>
