Component: ARM Compiler 6.16 Tool: armlink [5dfeaa00]

==============================================================================

Section Cross References

    startup.o(RESET) refers to startup.o(STACK) for StackMem
    startup.o(RESET) refers to main.o(.text) for GPIOPortJ_Handler
    main.o(DATA) refers (Special) to lcd.o(.text) for LCD_SetCursorPos
    main.o(DATA) refers (Special) to utils.o(.text) for SysTick_Wait
    main.o(.text) refers (Special) to lcd.o(.text) for LCD_SetCursorPos
    main.o(.text) refers (Special) to utils.o(.text) for SysTick_Wait
    main.o(.text) refers to gpio.o(.text) for GPIO_Init
    main.o(.text) refers to matrixkeyboard.o(.text) for MKEYBOARD_readKeyboard
    main.o(.text) refers to main.o(DATA) for current_state
    gpio.o(.text) refers (Special) to utils.o(.text) for SysTick_Wait1us
    lcd.o(.text) refers to utils.o(.text) for SysTick_Wait1us
    matrixkeyboard.o(.text) refers to utils.o(.text) for SysTick_Wait1ms


==============================================================================

Removing Unused input sections from the image.

    Removing startup.o(HEAP), (0 bytes).
    Removing startup.o(.text), (28 bytes).

2 unused section(s) (total 28 bytes) removed from the image.

==============================================================================

Image Symbol Table

    Local Symbols

    Symbol Name                              Value     Ov Type        Size  Object(Section)

    gpio.s                                   0x00000000   Number         0  gpio.o ABSOLUTE
    lcd.s                                    0x00000000   Number         0  lcd.o ABSOLUTE
    main.s                                   0x00000000   Number         0  main.o ABSOLUTE
    matrixKeyboard.s                         0x00000000   Number         0  matrixkeyboard.o ABSOLUTE
    startup.s                                0x00000000   Number         0  startup.o ABSOLUTE
    utils.s                                  0x00000000   Number         0  utils.o ABSOLUTE
    RESET                                    0x00000000   Section      544  startup.o(RESET)
    $v0                                      0x00000208   Number         0  startup.o(RESET)
    $v0                                      0x00000220   Number         0  main.o(.text)
    .text                                    0x00000220   Section      404  main.o(.text)
    MSG_TABUADA                              0x00000354   Data          12  main.o(.text)
    IGUAL                                    0x00000360   Data           2  main.o(.text)
    VEZES                                    0x00000362   Data           2  main.o(.text)
    .text                                    0x000003b4   Section      652  gpio.o(.text)
    $v0                                      0x000003b6   Number         0  gpio.o(.text)
    $v0                                      0x00000640   Number         0  lcd.o(.text)
    .text                                    0x00000640   Section      456  lcd.o(.text)
    $v0                                      0x00000808   Number         0  matrixkeyboard.o(.text)
    .text                                    0x00000808   Section      480  matrixkeyboard.o(.text)
    $v0                                      0x000009e8   Number         0  utils.o(.text)
    .text                                    0x000009e8   Section      484  utils.o(.text)
    Tab_1                                    0x20000000   Data           4  main.o(DATA)
    DATA                                     0x20000000   Section       84  main.o(DATA)
    Tab_2                                    0x20000004   Data           4  main.o(DATA)
    Tab_3                                    0x20000008   Data           4  main.o(DATA)
    Tab_4                                    0x2000000c   Data           4  main.o(DATA)
    Tab_5                                    0x20000010   Data           4  main.o(DATA)
    Tab_6                                    0x20000014   Data           4  main.o(DATA)
    Tab_7                                    0x20000018   Data           4  main.o(DATA)
    Tab_8                                    0x2000001c   Data           4  main.o(DATA)
    Tab_9                                    0x20000020   Data           4  main.o(DATA)
    current_state                            0x20000024   Data           4  main.o(DATA)
    current_number                           0x20000028   Data           4  main.o(DATA)
    multipliers                              0x2000002c   Data          40  main.o(DATA)
    StackMem                                 0x20000058   Data           0  startup.o(STACK)
    STACK                                    0x20000058   Section     1024  startup.o(STACK)

    Global Symbols

    Symbol Name                              Value     Ov Type        Size  Object(Section)

    BuildAttributes$$THM_ISAv4$E$P$D$K$B$S$7EM$VFPi3$EXTD16$VFPS$VFMA$PE$A:L22UL41UL21$X:L11$S22US41US21$IEEE1$~IW$USESV6$~STKCKD$USESV7$~SHL$OSPACE$EBA8$STANDARDLIB$EABIv2 0x00000000   Number         0  anon$$obj.o ABSOLUTE
    __Vectors                                0x00000000   Data           0  startup.o(RESET)
    Reset_Handler                            0x00000209   Thumb Code     0  startup.o(RESET)
    NMI_Handler                              0x0000020d   Thumb Code     2  startup.o(RESET)
    HardFault_Handler                        0x0000020f   Thumb Code     2  startup.o(RESET)
    MemManage_Handler                        0x00000211   Thumb Code     2  startup.o(RESET)
    BusFault_Handler                         0x00000213   Thumb Code     2  startup.o(RESET)
    UsageFault_Handler                       0x00000215   Thumb Code     2  startup.o(RESET)
    SVC_Handler                              0x00000217   Thumb Code     2  startup.o(RESET)
    DebugMon_Handler                         0x00000219   Thumb Code     2  startup.o(RESET)
    PendSV_Handler                           0x0000021b   Thumb Code     2  startup.o(RESET)
    SysTick_Handler                          0x0000021d   Thumb Code     2  startup.o(RESET)
    ADC0Seq0_Handler                         0x0000021f   Thumb Code     0  startup.o(RESET)
    ADC0Seq1_Handler                         0x0000021f   Thumb Code     0  startup.o(RESET)
    ADC0Seq2_Handler                         0x0000021f   Thumb Code     0  startup.o(RESET)
    ADC0Seq3_Handler                         0x0000021f   Thumb Code     0  startup.o(RESET)
    ADC1Seq0_Handler                         0x0000021f   Thumb Code     0  startup.o(RESET)
    ADC1Seq1_Handler                         0x0000021f   Thumb Code     0  startup.o(RESET)
    ADC1Seq2_Handler                         0x0000021f   Thumb Code     0  startup.o(RESET)
    ADC1Seq3_Handler                         0x0000021f   Thumb Code     0  startup.o(RESET)
    CAN0_Handler                             0x0000021f   Thumb Code     0  startup.o(RESET)
    CAN1_Handler                             0x0000021f   Thumb Code     0  startup.o(RESET)
    Comp0_Handler                            0x0000021f   Thumb Code     0  startup.o(RESET)
    Comp1_Handler                            0x0000021f   Thumb Code     0  startup.o(RESET)
    Comp2_Handler                            0x0000021f   Thumb Code     0  startup.o(RESET)
    Ethernet_Handler                         0x0000021f   Thumb Code     0  startup.o(RESET)
    ExtBus_Handler                           0x0000021f   Thumb Code     0  startup.o(RESET)
    FPU_Handler                              0x0000021f   Thumb Code     0  startup.o(RESET)
    FlashCtl_Handler                         0x0000021f   Thumb Code     0  startup.o(RESET)
    GPIOPortA_Handler                        0x0000021f   Thumb Code     0  startup.o(RESET)
    GPIOPortB_Handler                        0x0000021f   Thumb Code     0  startup.o(RESET)
    GPIOPortC_Handler                        0x0000021f   Thumb Code     0  startup.o(RESET)
    GPIOPortD_Handler                        0x0000021f   Thumb Code     0  startup.o(RESET)
    GPIOPortE_Handler                        0x0000021f   Thumb Code     0  startup.o(RESET)
    GPIOPortF_Handler                        0x0000021f   Thumb Code     0  startup.o(RESET)
    GPIOPortG_Handler                        0x0000021f   Thumb Code     0  startup.o(RESET)
    GPIOPortH_Handler                        0x0000021f   Thumb Code     0  startup.o(RESET)
    GPIOPortK_Handler                        0x0000021f   Thumb Code     0  startup.o(RESET)
    GPIOPortL_Handler                        0x0000021f   Thumb Code     0  startup.o(RESET)
    GPIOPortM_Handler                        0x0000021f   Thumb Code     0  startup.o(RESET)
    GPIOPortN_Handler                        0x0000021f   Thumb Code     0  startup.o(RESET)
    GPIOPortP1_Handler                       0x0000021f   Thumb Code     0  startup.o(RESET)
    GPIOPortP2_Handler                       0x0000021f   Thumb Code     0  startup.o(RESET)
    GPIOPortP3_Handler                       0x0000021f   Thumb Code     0  startup.o(RESET)
    GPIOPortP4_Handler                       0x0000021f   Thumb Code     0  startup.o(RESET)
    GPIOPortP5_Handler                       0x0000021f   Thumb Code     0  startup.o(RESET)
    GPIOPortP6_Handler                       0x0000021f   Thumb Code     0  startup.o(RESET)
    GPIOPortP7_Handler                       0x0000021f   Thumb Code     0  startup.o(RESET)
    GPIOPortP_Handler                        0x0000021f   Thumb Code     0  startup.o(RESET)
    GPIOPortQ1_Handler                       0x0000021f   Thumb Code     0  startup.o(RESET)
    GPIOPortQ2_Handler                       0x0000021f   Thumb Code     0  startup.o(RESET)
    GPIOPortQ3_Handler                       0x0000021f   Thumb Code     0  startup.o(RESET)
    GPIOPortQ4_Handler                       0x0000021f   Thumb Code     0  startup.o(RESET)
    GPIOPortQ5_Handler                       0x0000021f   Thumb Code     0  startup.o(RESET)
    GPIOPortQ6_Handler                       0x0000021f   Thumb Code     0  startup.o(RESET)
    GPIOPortQ7_Handler                       0x0000021f   Thumb Code     0  startup.o(RESET)
    GPIOPortQ_Handler                        0x0000021f   Thumb Code     0  startup.o(RESET)
    Hibernate_Handler                        0x0000021f   Thumb Code     0  startup.o(RESET)
    I2C0_Handler                             0x0000021f   Thumb Code     0  startup.o(RESET)
    I2C1_Handler                             0x0000021f   Thumb Code     0  startup.o(RESET)
    I2C2_Handler                             0x0000021f   Thumb Code     0  startup.o(RESET)
    I2C3_Handler                             0x0000021f   Thumb Code     0  startup.o(RESET)
    I2C4_Handler                             0x0000021f   Thumb Code     0  startup.o(RESET)
    I2C5_Handler                             0x0000021f   Thumb Code     0  startup.o(RESET)
    I2C6_Handler                             0x0000021f   Thumb Code     0  startup.o(RESET)
    I2C7_Handler                             0x0000021f   Thumb Code     0  startup.o(RESET)
    I2C8_Handler                             0x0000021f   Thumb Code     0  startup.o(RESET)
    I2C9_Handler                             0x0000021f   Thumb Code     0  startup.o(RESET)
    PWM0Fault_Handler                        0x0000021f   Thumb Code     0  startup.o(RESET)
    PWM0Generator0_Handler                   0x0000021f   Thumb Code     0  startup.o(RESET)
    PWM0Generator1_Handler                   0x0000021f   Thumb Code     0  startup.o(RESET)
    PWM0Generator2_Handler                   0x0000021f   Thumb Code     0  startup.o(RESET)
    PWM0Generator3_Handler                   0x0000021f   Thumb Code     0  startup.o(RESET)
    Quadrature0_Handler                      0x0000021f   Thumb Code     0  startup.o(RESET)
    SSI0_Handler                             0x0000021f   Thumb Code     0  startup.o(RESET)
    SSI1_Handler                             0x0000021f   Thumb Code     0  startup.o(RESET)
    SSI2_Handler                             0x0000021f   Thumb Code     0  startup.o(RESET)
    SSI3_Handler                             0x0000021f   Thumb Code     0  startup.o(RESET)
    SysCtl_Handler                           0x0000021f   Thumb Code     0  startup.o(RESET)
    Tamper_Handler                           0x0000021f   Thumb Code     0  startup.o(RESET)
    Timer0A_Handler                          0x0000021f   Thumb Code     0  startup.o(RESET)
    Timer0B_Handler                          0x0000021f   Thumb Code     0  startup.o(RESET)
    Timer1A_Handler                          0x0000021f   Thumb Code     0  startup.o(RESET)
    Timer1B_Handler                          0x0000021f   Thumb Code     0  startup.o(RESET)
    Timer2A_Handler                          0x0000021f   Thumb Code     0  startup.o(RESET)
    Timer2B_Handler                          0x0000021f   Thumb Code     0  startup.o(RESET)
    Timer3A_Handler                          0x0000021f   Thumb Code     0  startup.o(RESET)
    Timer3B_Handler                          0x0000021f   Thumb Code     0  startup.o(RESET)
    Timer4A_Handler                          0x0000021f   Thumb Code     0  startup.o(RESET)
    Timer4B_Handler                          0x0000021f   Thumb Code     0  startup.o(RESET)
    Timer5A_Handler                          0x0000021f   Thumb Code     0  startup.o(RESET)
    Timer5B_Handler                          0x0000021f   Thumb Code     0  startup.o(RESET)
    Timer6A_Handler                          0x0000021f   Thumb Code     0  startup.o(RESET)
    Timer6B_Handler                          0x0000021f   Thumb Code     0  startup.o(RESET)
    Timer7A_Handler                          0x0000021f   Thumb Code     0  startup.o(RESET)
    Timer7B_Handler                          0x0000021f   Thumb Code     0  startup.o(RESET)
    UART0_Handler                            0x0000021f   Thumb Code     0  startup.o(RESET)
    UART1_Handler                            0x0000021f   Thumb Code     0  startup.o(RESET)
    UART2_Handler                            0x0000021f   Thumb Code     0  startup.o(RESET)
    UART3_Handler                            0x0000021f   Thumb Code     0  startup.o(RESET)
    UART4_Handler                            0x0000021f   Thumb Code     0  startup.o(RESET)
    UART5_Handler                            0x0000021f   Thumb Code     0  startup.o(RESET)
    UART6_Handler                            0x0000021f   Thumb Code     0  startup.o(RESET)
    UART7_Handler                            0x0000021f   Thumb Code     0  startup.o(RESET)
    USB0_Handler                             0x0000021f   Thumb Code     0  startup.o(RESET)
    WDT_Handler                              0x0000021f   Thumb Code     0  startup.o(RESET)
    uDMA_Error                               0x0000021f   Thumb Code     0  startup.o(RESET)
    uDMA_Handler                             0x0000021f   Thumb Code     0  startup.o(RESET)
    Start                                    0x00000221   Thumb Code     0  main.o(.text)
    GPIOPortJ_Handler                        0x0000033b   Thumb Code     0  main.o(.text)
    GPIO_Init                                0x000003b7   Thumb Code     0  gpio.o(.text)
    blinkLEDs                                0x00000525   Thumb Code     0  gpio.o(.text)
    LCD_GPIOinit                             0x00000641   Thumb Code     0  lcd.o(.text)
    envia_dado_lcd                           0x0000072d   Thumb Code     0  lcd.o(.text)
    LCD_printArrayInLcd                      0x00000747   Thumb Code     0  lcd.o(.text)
    LCD_ResetLCD                             0x0000076f   Thumb Code     0  lcd.o(.text)
    LCD_PulaCursorSegundaLinha               0x0000077f   Thumb Code     0  lcd.o(.text)
    LCD_SetCursorPos                         0x0000078f   Thumb Code     0  lcd.o(.text)
    LCD_init                                 0x0000079b   Thumb Code     0  lcd.o(.text)
    MKBOARD_GPIOinit                         0x00000809   Thumb Code     0  matrixkeyboard.o(.text)
    MKEYBOARD_readKeyboard                   0x0000089b   Thumb Code     0  matrixkeyboard.o(.text)
    PLL_Init                                 0x000009e9   Thumb Code     0  utils.o(.text)
    SysTick_Init                             0x00000b11   Thumb Code     0  utils.o(.text)
    SysTick_Wait                             0x00000b33   Thumb Code     0  utils.o(.text)
    SysTick_Wait1ms                          0x00000b4b   Thumb Code     0  utils.o(.text)
    SysTick_Wait1us                          0x00000b5d   Thumb Code     0  utils.o(.text)



==============================================================================

Memory Map of the image

  Image Entry point : 0x00000209

  Load Region LR_1 (Base: 0x00000000, Size: 0x00000c20, Max: 0xffffffff, ABSOLUTE)

    Execution Region ER_RO (Exec base: 0x00000000, Load base: 0x00000000, Size: 0x00000bcc, Max: 0xffffffff, ABSOLUTE)

    Exec Addr    Load Addr    Size         Type   Attr      Idx    E Section Name        Object

    0x00000000   0x00000000   0x00000220   Code   RO            3  * RESET               startup.o
    0x00000220   0x00000220   0x00000194   Code   RO           13    .text               main.o
    0x000003b4   0x000003b4   0x0000028c   Code   RO           16    .text               gpio.o
    0x00000640   0x00000640   0x000001c8   Code   RO           19    .text               lcd.o
    0x00000808   0x00000808   0x000001e0   Code   RO           22    .text               matrixkeyboard.o
    0x000009e8   0x000009e8   0x000001e4   Code   RO           25    .text               utils.o


    Execution Region ER_RW (Exec base: 0x20000000, Load base: 0x00000bcc, Size: 0x00000054, Max: 0xffffffff, ABSOLUTE)

    Exec Addr    Load Addr    Size         Type   Attr      Idx    E Section Name        Object

    0x20000000   0x00000bcc   0x00000054   Data   RW           12    DATA                main.o


    Execution Region ER_ZI (Exec base: 0x20000058, Load base: 0x00000c20, Size: 0x00000400, Max: 0xffffffff, ABSOLUTE)

    Exec Addr    Load Addr    Size         Type   Attr      Idx    E Section Name        Object

    0x20000058        -       0x00000400   Zero   RW            1    STACK               startup.o


==============================================================================

Image component sizes


      Code (inc. data)   RO Data    RW Data    ZI Data      Debug   Object Name

       652        198          0          0          0        356   gpio.o
       456         56          0          0          0        344   lcd.o
       404         96          0         84          0        304   main.o
       480         62          0          0          0        376   matrixkeyboard.o
       544        520          0          0       1024        752   startup.o
       484         92          0          0          0        348   utils.o

    ----------------------------------------------------------------------
      3020       1024          0         84       1024       2480   Object Totals
         0          0          0          0          0          0   (incl. Generated)
         0          0          0          0          0          0   (incl. Padding)

    ----------------------------------------------------------------------
         0          0          0          0          0          0   Library Totals
         0          0          0          0          0          0   (incl. Padding)

    ----------------------------------------------------------------------

==============================================================================


      Code (inc. data)   RO Data    RW Data    ZI Data      Debug   

      3020       1024          0         84       1024       2480   Grand Totals
      3020       1024          0         84       1024       2480   ELF Image Totals
      3020       1024          0         84          0          0   ROM Totals

==============================================================================

    Total RO  Size (Code + RO Data)                 3020 (   2.95kB)
    Total RW  Size (RW Data + ZI Data)              1108 (   1.08kB)
    Total ROM Size (Code + RO Data + RW Data)       3104 (   3.03kB)

==============================================================================

